<?xml version="1.0" encoding="utf-8"?><testsuites name="pytest tests"><testsuite name="pytest" errors="0" failures="0" skipped="0" tests="32" time="61.828" timestamp="2026-09-29T13:09:20.607478+05:30" hostname="Tesla"><testcase classname="tests.test_database" name="test_database_insert_list_and_clear" time="0.118" /><testcase classname="tests.test_database" name="test_database_uses_parameterized_values_and_caps_limit" time="0.076" /><testcase classname="tests.test_prediction" name="test_model_loading_and_prediction_function" time="54.617" /><testcase classname="tests.test_prediction" name="test_every_saved_bundle_loads_and_predicts" time="1.331" /><testcase classname="tests.test_routes" name="test_page_routes_return_success[/]" time="0.756" /><testcase classname="tests.test_routes" name="test_page_routes_return_success[/about]" time="0.101" /><testcase classname="tests.test_routes" name="test_page_routes_return_success[/prediction]" time="0.109" /><testcase classname="tests.test_routes" name="test_page_routes_return_success[/performance]" time="0.126" /><testcase classname="tests.test_routes" name="test_page_routes_return_success[/datasets]" time="0.078" /><testcase classname="tests.test_routes" name="test_page_routes_return_success[/history]" time="0.094" /><testcase classname="tests.test_routes" name="test_page_routes_return_success[/disclaimer]" time="0.078" /><testcase classname="tests.test_routes" name="test_favicon_is_served" time="1.867" /><testcase classname="tests.test_routes" name="test_each_disease_form_loads[diabetes]" time="0.242" /><testcase classname="tests.test_routes" name="test_each_disease_form_loads[heart]" time="0.123" /><testcase classname="tests.test_routes" name="test_each_disease_form_loads[liver]" time="0.098" /><testcase classname="tests.test_routes" name="test_each_disease_form_loads[kidney]" time="0.101" /><testcase classname="tests.test_routes" name="test_invalid_form_submission_returns_validation_message" time="0.113" /><testcase classname="tests.test_routes" name="test_post_without_csrf_is_rejected" time="0.075" /><testcase classname="tests.test_routes" name="test_valid_prediction_route_records_history" time="0.670" /><testcase classname="tests.test_routes" name="test_json_route_rejects_invalid_payload" time="0.074" /><testcase classname="tests.test_validation" name="test_actual_dataset_columns_match_form_schema[diabetes]" time="0.036" /><testcase classname="tests.test_validation" name="test_actual_dataset_columns_match_form_schema[heart]" time="0.037" /><testcase classname="tests.test_validation" name="test_actual_dataset_columns_match_form_schema[liver]" time="0.079" /><testcase classname="tests.test_validation" name="test_actual_dataset_columns_match_form_schema[kidney]" time="0.086" /><testcase classname="tests.test_validation" name="test_valid_public_record_values_pass_schema[diabetes]" time="0.044" /><testcase classname="tests.test_validation" name="test_valid_public_record_values_pass_schema[heart]" time="0.051" /><testcase classname="tests.test_validation" name="test_valid_public_record_values_pass_schema[liver]" time="0.032" /><testcase classname="tests.test_validation" name="test_valid_public_record_values_pass_schema[kidney]" time="0.068" /><testcase classname="tests.test_validation" name="test_missing_required_input_is_rejected" time="0.037" /><testcase classname="tests.test_validation" name="test_non_numeric_value_is_rejected" time="0.042" /><testcase classname="tests.test_validation" name="test_out_of_range_and_unknown_field_are_rejected" time="0.036" /><testcase classname="tests.test_validation" name="test_unsupported_module_is_rejected" time="0.003" /></testsuite></testsuites>